// Jest Snapshot v1, https://goo.gl/fbAQLP

exports[`snapshot 1`] = `
Balance {
  "balanceMoney": 400,
  "expensesList": Array [
    Object {
      "amount": 200,
      "category": "Ropa",
      "currency": "UYU",
      "date": 2021-10-09T00:00:00.000Z,
      "isMonthly": true,
      "name": "renner",
    },
  ],
  "incomeList": Array [
    Object {
      "amount": 600,
      "currency": "UYU",
      "date": 2021-10-07T00:00:00.000Z,
      "isMonthly": true,
      "name": "Sueldo",
    },
  ],
}
`;
